
Starting time: 2026-05-06 11:31:54

    ReSpect program, version 5.3.0 (2024)

    Call arguments   are    --scf --inp=1c --scratch=/local/lpassaglia_49433 --nt=8 
    Input file name   is   1c.inp
    Binary  directory is   /home/lpassaglia.iquir/ReSpect_5.3.0_2024_x86_64_omp_static
    Work    directory is   /home/lpassaglia.iquir/01_RESPECT1_ODFT2/01_HALO1_01/
    Scratch directory is   /local/lpassaglia_49433/tmp49441.ulxalidr.lpassaglia.iquir
    Machine name      is   compute-10-1
    OMP stack memory size  2048m
    OMP parallel job with  8 threads
    Output  file will be   /home/lpassaglia.iquir/01_RESPECT1_ODFT2/01_HALO1_01/1c.out_scf

    Job is being run ...

    ReSpect job is done ( elapsed time 0:21:45 )

Ending time:   2026-05-06 11:53:39


Starting time: 2026-05-06 11:53:40

    ReSpect program, version 5.3.0 (2024)

    Call arguments   are    --restart --scf --inp=4c --scratch=/local/lpassaglia_49433 --nt=8 
    Input file name   is   4c.inp
    Binary  directory is   /home/lpassaglia.iquir/ReSpect_5.3.0_2024_x86_64_omp_static
    Work    directory is   /home/lpassaglia.iquir/01_RESPECT1_ODFT2/01_HALO1_01/
    Scratch directory is   /local/lpassaglia_49433/tmp49755.8s22m5h5.lpassaglia.iquir
    Machine name      is   compute-10-1
    OMP stack memory size  2048m
    OMP parallel job with  8 threads
    Output  file will be   /home/lpassaglia.iquir/01_RESPECT1_ODFT2/01_HALO1_01/4c.out_scf

    Job is being run ...

    ReSpect job is done ( elapsed time 1:34:12 )

Ending time:   2026-05-06 13:27:52


Starting time: 2026-05-06 13:27:53

    ReSpect program, version 5.3.0 (2024)

    Call arguments   are    --cs --inp=4c --scratch=/local/lpassaglia_49433 --nt=8 
    Input file name   is   4c.inp
    Binary  directory is   /home/lpassaglia.iquir/ReSpect_5.3.0_2024_x86_64_omp_static
    Work    directory is   /home/lpassaglia.iquir/01_RESPECT1_ODFT2/01_HALO1_01/
    Scratch directory is   /local/lpassaglia_49433/tmp50933.a4aa99no.lpassaglia.iquir
    Machine name      is   compute-10-1
    OMP stack memory size  2048m
    OMP parallel job with  8 threads
    Output  file will be   /home/lpassaglia.iquir/01_RESPECT1_ODFT2/01_HALO1_01/4c.out_cs

    Job is being run ...

    ReSpect job is done ( elapsed time 9:12:39 )

Ending time:   2026-05-06 22:40:33

